class X {
    static X create() {
        m(null, null);
        ^
        return null;
    }
}
