void m(X x) {
       ^     
    int i;
    printf("" + i);
                ^
}